10992 execve("./scenario1", ["./scenario1"], 0x7fff0c367318 /* 88 vars */) = 0
10992 brk(NULL)                         = 0x59abf2af4000
10992 mmap(NULL, 8192, PROT_READ|PROT_WRITE, MAP_PRIVATE|MAP_ANONYMOUS, -1, 0) = 0x76bf513ca000
10992 access("/etc/ld.so.preload", R_OK) = -1 ENOENT (Нет такого файла или каталога)
10992 openat(AT_FDCWD, "/etc/ld.so.cache", O_RDONLY|O_CLOEXEC) = 3
10992 fstat(3, {st_mode=S_IFREG|0644, st_size=92527, ...}) = 0
10992 mmap(NULL, 92527, PROT_READ, MAP_PRIVATE, 3, 0) = 0x76bf513b3000
10992 close(3)                          = 0
10992 openat(AT_FDCWD, "/lib/x86_64-linux-gnu/libc.so.6", O_RDONLY|O_CLOEXEC) = 3
10992 read(3, "\177ELF\2\1\1\3\0\0\0\0\0\0\0\0\3\0>\0\1\0\0\0\220\243\2\0\0\0\0\0"..., 832) = 832
10992 pread64(3, "\6\0\0\0\4\0\0\0@\0\0\0\0\0\0\0@\0\0\0\0\0\0\0@\0\0\0\0\0\0\0"..., 784, 64) = 784
10992 fstat(3, {st_mode=S_IFREG|0755, st_size=2125328, ...}) = 0
10992 pread64(3, "\6\0\0\0\4\0\0\0@\0\0\0\0\0\0\0@\0\0\0\0\0\0\0@\0\0\0\0\0\0\0"..., 784, 64) = 784
10992 mmap(NULL, 2170256, PROT_READ, MAP_PRIVATE|MAP_DENYWRITE, 3, 0) = 0x76bf51000000
10992 mmap(0x76bf51028000, 1605632, PROT_READ|PROT_EXEC, MAP_PRIVATE|MAP_FIXED|MAP_DENYWRITE, 3, 0x28000) = 0x76bf51028000
10992 mmap(0x76bf511b0000, 323584, PROT_READ, MAP_PRIVATE|MAP_FIXED|MAP_DENYWRITE, 3, 0x1b0000) = 0x76bf511b0000
10992 mmap(0x76bf511ff000, 24576, PROT_READ|PROT_WRITE, MAP_PRIVATE|MAP_FIXED|MAP_DENYWRITE, 3, 0x1fe000) = 0x76bf511ff000
10992 mmap(0x76bf51205000, 52624, PROT_READ|PROT_WRITE, MAP_PRIVATE|MAP_FIXED|MAP_ANONYMOUS, -1, 0) = 0x76bf51205000
10992 close(3)                          = 0
10992 mmap(NULL, 12288, PROT_READ|PROT_WRITE, MAP_PRIVATE|MAP_ANONYMOUS, -1, 0) = 0x76bf513b0000
10992 arch_prctl(ARCH_SET_FS, 0x76bf513b0740) = 0
10992 set_tid_address(0x76bf513b0a10)   = 10992
10992 set_robust_list(0x76bf513b0a20, 24) = 0
10992 rseq(0x76bf513b1060, 0x20, 0, 0x53053053) = 0
10992 mprotect(0x76bf511ff000, 16384, PROT_READ) = 0
10992 mprotect(0x59abe2882000, 4096, PROT_READ) = 0
10992 mprotect(0x76bf51402000, 8192, PROT_READ) = 0
10992 prlimit64(0, RLIMIT_STACK, NULL, {rlim_cur=8192*1024, rlim_max=RLIM64_INFINITY}) = 0
10992 munmap(0x76bf513b3000, 92527)     = 0
10992 clone(child_stack=NULL, flags=CLONE_CHILD_CLEARTID|CLONE_CHILD_SETTID|SIGCHLD, child_tidptr=0x76bf513b0a10) = 10993
10993 set_robust_list(0x76bf513b0a20, 24 <unfinished ...>
10992 fstat(1,  <unfinished ...>
10993 <... set_robust_list resumed>)    = 0
10992 <... fstat resumed>{st_mode=S_IFCHR|0620, st_rdev=makedev(0x88, 0x3), ...}) = 0
10993 fstat(1, {st_mode=S_IFCHR|0620, st_rdev=makedev(0x88, 0x3), ...}) = 0
10992 getrandom( <unfinished ...>
10993 getrandom("\xc6\x0f\x93\xd6\x78\x27\x29\x7e", 8, GRND_NONBLOCK) = 8
10993 brk(NULL)                         = 0x59abf2af4000
10993 brk(0x59abf2b15000)               = 0x59abf2b15000
10992 <... getrandom resumed>"\x88\x37\x3b\x63\xf6\xf0\x0c\xe8", 8, GRND_NONBLOCK) = 8
10993 write(1, "Child: \320\257 \320\264\320\276\321\207\320\265\321\200\320\275\320\270\320\271 \320\277\321\200\320"..., 42 <unfinished ...>
10992 brk(NULL <unfinished ...>
10993 <... write resumed>)              = 42
10992 <... brk resumed>)                = 0x59abf2af4000
10993 exit_group(0 <unfinished ...>
10992 brk(0x59abf2b15000 <unfinished ...>
10993 <... exit_group resumed>)         = ?
10992 <... brk resumed>)                = 0x59abf2b15000
10992 write(1, "Parent: \320\257 \321\200\320\276\320\264\320\270\321\202\320\265\320\273\321\214\321\201\320\272\320"..., 51) = 51
10993 +++ exited with 0 +++
10992 --- SIGCHLD {si_signo=SIGCHLD, si_code=CLD_EXITED, si_pid=10993, si_uid=1000, si_status=0, si_utime=0, si_stime=0} ---
10992 wait4(-1, NULL, 0, NULL)          = 10993
10992 exit_group(0)                     = ?
10992 +++ exited with 0 +++
