11032 execve("./scenario2", ["./scenario2"], 0x7ffc90fd8868 /* 88 vars */) = 0
11032 brk(NULL)                         = 0x58dde3806000
11032 mmap(NULL, 8192, PROT_READ|PROT_WRITE, MAP_PRIVATE|MAP_ANONYMOUS, -1, 0) = 0x7b4ed494c000
11032 access("/etc/ld.so.preload", R_OK) = -1 ENOENT (Нет такого файла или каталога)
11032 openat(AT_FDCWD, "/etc/ld.so.cache", O_RDONLY|O_CLOEXEC) = 3
11032 fstat(3, {st_mode=S_IFREG|0644, st_size=92527, ...}) = 0
11032 mmap(NULL, 92527, PROT_READ, MAP_PRIVATE, 3, 0) = 0x7b4ed4935000
11032 close(3)                          = 0
11032 openat(AT_FDCWD, "/lib/x86_64-linux-gnu/libc.so.6", O_RDONLY|O_CLOEXEC) = 3
11032 read(3, "\177ELF\2\1\1\3\0\0\0\0\0\0\0\0\3\0>\0\1\0\0\0\220\243\2\0\0\0\0\0"..., 832) = 832
11032 pread64(3, "\6\0\0\0\4\0\0\0@\0\0\0\0\0\0\0@\0\0\0\0\0\0\0@\0\0\0\0\0\0\0"..., 784, 64) = 784
11032 fstat(3, {st_mode=S_IFREG|0755, st_size=2125328, ...}) = 0
11032 pread64(3, "\6\0\0\0\4\0\0\0@\0\0\0\0\0\0\0@\0\0\0\0\0\0\0@\0\0\0\0\0\0\0"..., 784, 64) = 784
11032 mmap(NULL, 2170256, PROT_READ, MAP_PRIVATE|MAP_DENYWRITE, 3, 0) = 0x7b4ed4600000
11032 mmap(0x7b4ed4628000, 1605632, PROT_READ|PROT_EXEC, MAP_PRIVATE|MAP_FIXED|MAP_DENYWRITE, 3, 0x28000) = 0x7b4ed4628000
11032 mmap(0x7b4ed47b0000, 323584, PROT_READ, MAP_PRIVATE|MAP_FIXED|MAP_DENYWRITE, 3, 0x1b0000) = 0x7b4ed47b0000
11032 mmap(0x7b4ed47ff000, 24576, PROT_READ|PROT_WRITE, MAP_PRIVATE|MAP_FIXED|MAP_DENYWRITE, 3, 0x1fe000) = 0x7b4ed47ff000
11032 mmap(0x7b4ed4805000, 52624, PROT_READ|PROT_WRITE, MAP_PRIVATE|MAP_FIXED|MAP_ANONYMOUS, -1, 0) = 0x7b4ed4805000
11032 close(3)                          = 0
11032 mmap(NULL, 12288, PROT_READ|PROT_WRITE, MAP_PRIVATE|MAP_ANONYMOUS, -1, 0) = 0x7b4ed4932000
11032 arch_prctl(ARCH_SET_FS, 0x7b4ed4932740) = 0
11032 set_tid_address(0x7b4ed4932a10)   = 11032
11032 set_robust_list(0x7b4ed4932a20, 24) = 0
11032 rseq(0x7b4ed4933060, 0x20, 0, 0x53053053) = 0
11032 mprotect(0x7b4ed47ff000, 16384, PROT_READ) = 0
11032 mprotect(0x58dde237c000, 4096, PROT_READ) = 0
11032 mprotect(0x7b4ed4984000, 8192, PROT_READ) = 0
11032 prlimit64(0, RLIMIT_STACK, NULL, {rlim_cur=8192*1024, rlim_max=RLIM64_INFINITY}) = 0
11032 munmap(0x7b4ed4935000, 92527)     = 0
11032 clone(child_stack=NULL, flags=CLONE_CHILD_CLEARTID|CLONE_CHILD_SETTID|SIGCHLD, child_tidptr=0x7b4ed4932a10) = 11033
11032 fstat(1,  <unfinished ...>
11033 set_robust_list(0x7b4ed4932a20, 24 <unfinished ...>
11032 <... fstat resumed>{st_mode=S_IFCHR|0620, st_rdev=makedev(0x88, 0x3), ...}) = 0
11033 <... set_robust_list resumed>)    = 0
11032 getrandom("\x42\x8c\x07\x89\x80\x1b\x5f\xb5", 8, GRND_NONBLOCK) = 8
11033 execve("./hello_world", ["hello_world"], 0x7ffca9682e78 /* 88 vars */ <unfinished ...>
11032 brk(NULL)                         = 0x58dde3806000
11032 brk(0x58dde3827000)               = 0x58dde3827000
11032 write(1, "Parent: \320\255\321\202\320\276 \321\201\321\202\321\200\320\276\320\272\320\260 \321\200\320\276"..., 45) = 45
11032 wait4(-1,  <unfinished ...>
11033 <... execve resumed>)             = 0
11033 brk(NULL)                         = 0x5e5b5cd76000
11033 mmap(NULL, 8192, PROT_READ|PROT_WRITE, MAP_PRIVATE|MAP_ANONYMOUS, -1, 0) = 0x79bdd6fd1000
11033 access("/etc/ld.so.preload", R_OK) = -1 ENOENT (Нет такого файла или каталога)
11033 openat(AT_FDCWD, "/etc/ld.so.cache", O_RDONLY|O_CLOEXEC) = 3
11033 fstat(3, {st_mode=S_IFREG|0644, st_size=92527, ...}) = 0
11033 mmap(NULL, 92527, PROT_READ, MAP_PRIVATE, 3, 0) = 0x79bdd6fba000
11033 close(3)                          = 0
11033 openat(AT_FDCWD, "/lib/x86_64-linux-gnu/libc.so.6", O_RDONLY|O_CLOEXEC) = 3
11033 read(3, "\177ELF\2\1\1\3\0\0\0\0\0\0\0\0\3\0>\0\1\0\0\0\220\243\2\0\0\0\0\0"..., 832) = 832
11033 pread64(3, "\6\0\0\0\4\0\0\0@\0\0\0\0\0\0\0@\0\0\0\0\0\0\0@\0\0\0\0\0\0\0"..., 784, 64) = 784
11033 fstat(3, {st_mode=S_IFREG|0755, st_size=2125328, ...}) = 0
11033 pread64(3, "\6\0\0\0\4\0\0\0@\0\0\0\0\0\0\0@\0\0\0\0\0\0\0@\0\0\0\0\0\0\0"..., 784, 64) = 784
11033 mmap(NULL, 2170256, PROT_READ, MAP_PRIVATE|MAP_DENYWRITE, 3, 0) = 0x79bdd6c00000
11033 mmap(0x79bdd6c28000, 1605632, PROT_READ|PROT_EXEC, MAP_PRIVATE|MAP_FIXED|MAP_DENYWRITE, 3, 0x28000) = 0x79bdd6c28000
11033 mmap(0x79bdd6db0000, 323584, PROT_READ, MAP_PRIVATE|MAP_FIXED|MAP_DENYWRITE, 3, 0x1b0000) = 0x79bdd6db0000
11033 mmap(0x79bdd6dff000, 24576, PROT_READ|PROT_WRITE, MAP_PRIVATE|MAP_FIXED|MAP_DENYWRITE, 3, 0x1fe000) = 0x79bdd6dff000
11033 mmap(0x79bdd6e05000, 52624, PROT_READ|PROT_WRITE, MAP_PRIVATE|MAP_FIXED|MAP_ANONYMOUS, -1, 0) = 0x79bdd6e05000
11033 close(3)                          = 0
11033 mmap(NULL, 12288, PROT_READ|PROT_WRITE, MAP_PRIVATE|MAP_ANONYMOUS, -1, 0) = 0x79bdd6fb7000
11033 arch_prctl(ARCH_SET_FS, 0x79bdd6fb7740) = 0
11033 set_tid_address(0x79bdd6fb7a10)   = 11033
11033 set_robust_list(0x79bdd6fb7a20, 24) = 0
11033 rseq(0x79bdd6fb8060, 0x20, 0, 0x53053053) = 0
11033 mprotect(0x79bdd6dff000, 16384, PROT_READ) = 0
11033 mprotect(0x5e5b42f2d000, 4096, PROT_READ) = 0
11033 mprotect(0x79bdd7009000, 8192, PROT_READ) = 0
11033 prlimit64(0, RLIMIT_STACK, NULL, {rlim_cur=8192*1024, rlim_max=RLIM64_INFINITY}) = 0
11033 munmap(0x79bdd6fba000, 92527)     = 0
11033 fstat(1, {st_mode=S_IFCHR|0620, st_rdev=makedev(0x88, 0x3), ...}) = 0
11033 getrandom("\x21\xb0\x0c\x64\x34\x10\x8d\xa5", 8, GRND_NONBLOCK) = 8
11033 brk(NULL)                         = 0x5e5b5cd76000
11033 brk(0x5e5b5cd97000)               = 0x5e5b5cd97000
11033 write(1, "Hello world!\n", 13)    = 13
11033 exit_group(0)                     = ?
11033 +++ exited with 0 +++
11032 <... wait4 resumed>NULL, 0, NULL) = 11033
11032 --- SIGCHLD {si_signo=SIGCHLD, si_code=CLD_EXITED, si_pid=11033, si_uid=1000, si_status=0, si_utime=0, si_stime=0} ---
11032 exit_group(0)                     = ?
11032 +++ exited with 0 +++
